// Jest Snapshot v1, https://goo.gl/fbAQLP

exports[`should login  1`] = `
<button>
  Login
</button>
`;
